// Jest Snapshot v1, https://goo.gl/fbAQLP

exports[`builtInVars.4gl 1`] = `
main

    let x, y = arg_val
    let x, y = arr_count
    let x, y = arr_cur
    let x, y = sqlca
    
end main
~~~~~~~~~~~~~~~~~~~~~~~~~~~~~~~~~~~~~~~~~~~~~~~~~~~~~~~~~~~~~~~~~~~~~~~~~~~~~~~~
[
  {
    "kind": "program",
    "value": [
      {
        "kind": "function",
        "value": {
          "id": "main",
          "arguments": [],
          "block": [
            {
              "kind": "command",
              "value": [
                [
                  {
                    "kind": "keyword",
                    "value": "let",
                    "offset": {
                      "start": 10,
                      "end": 13
                    },
                    "line": 3,
                    "column": 5
                  },
                  null,
                  [
                    null,
                    {
                      "kind": "variable",
                      "value": {
                        "variable": {
                          "kind": "identifier",
                          "value": "y",
                          "offset": {
                            "start": 17,
                            "end": 18
                          },
                          "line": 3,
                          "column": 12
                        }
                      },
                      "offset": {
                        "start": 17,
                        "end": 18
                      },
                      "line": 3,
                      "column": 12
                    }
                  ],
                  null,
                  {
                    "kind": "operator",
                    "value": "=",
                    "offset": {
                      "start": 19,
                      "end": 20
                    },
                    "line": 3,
                    "column": 14
                  },
                  null,
                  [
                    {
                      "kind": "variable",
                      "value": {
                        "variable": {
                          "kind": "identifier",
                          "value": "arg_val",
                          "offset": {
                            "start": 21,
                            "end": 28
                          },
                          "line": 3,
                          "column": 16
                        }
                      },
                      "offset": {
                        "start": 21,
                        "end": 28
                      },
                      "line": 3,
                      "column": 16
                    }
                  ]
                ]
              ],
              "offset": {
                "start": 10,
                "end": 33
              },
              "line": 3,
              "column": 5
            },
            {
              "kind": "command",
              "value": [
                [
                  {
                    "kind": "keyword",
                    "value": "let",
                    "offset": {
                      "start": 33,
                      "end": 36
                    },
                    "line": 4,
                    "column": 5
                  },
                  null,
                  [
                    null,
                    {
                      "kind": "variable",
                      "value": {
                        "variable": {
                          "kind": "identifier",
                          "value": "y",
                          "offset": {
                            "start": 40,
                            "end": 41
                          },
                          "line": 4,
                          "column": 12
                        }
                      },
                      "offset": {
                        "start": 40,
                        "end": 41
                      },
                      "line": 4,
                      "column": 12
                    }
                  ],
                  null,
                  {
                    "kind": "operator",
                    "value": "=",
                    "offset": {
                      "start": 42,
                      "end": 43
                    },
                    "line": 4,
                    "column": 14
                  },
                  null,
                  [
                    {
                      "kind": "variable",
                      "value": {
                        "variable": {
                          "kind": "identifier",
                          "value": "arr_count",
                          "offset": {
                            "start": 44,
                            "end": 53
                          },
                          "line": 4,
                          "column": 16
                        }
                      },
                      "offset": {
                        "start": 44,
                        "end": 53
                      },
                      "line": 4,
                      "column": 16
                    }
                  ]
                ]
              ],
              "offset": {
                "start": 33,
                "end": 58
              },
              "line": 4,
              "column": 5
            },
            {
              "kind": "command",
              "value": [
                [
                  {
                    "kind": "keyword",
                    "value": "let",
                    "offset": {
                      "start": 58,
                      "end": 61
                    },
                    "line": 5,
                    "column": 5
                  },
                  null,
                  [
                    null,
                    {
                      "kind": "variable",
                      "value": {
                        "variable": {
                          "kind": "identifier",
                          "value": "y",
                          "offset": {
                            "start": 65,
                            "end": 66
                          },
                          "line": 5,
                          "column": 12
                        }
                      },
                      "offset": {
                        "start": 65,
                        "end": 66
                      },
                      "line": 5,
                      "column": 12
                    }
                  ],
                  null,
                  {
                    "kind": "operator",
                    "value": "=",
                    "offset": {
                      "start": 67,
                      "end": 68
                    },
                    "line": 5,
                    "column": 14
                  },
                  null,
                  [
                    {
                      "kind": "variable",
                      "value": {
                        "variable": {
                          "kind": "identifier",
                          "value": "arr_cur",
                          "offset": {
                            "start": 69,
                            "end": 76
                          },
                          "line": 5,
                          "column": 16
                        }
                      },
                      "offset": {
                        "start": 69,
                        "end": 76
                      },
                      "line": 5,
                      "column": 16
                    }
                  ]
                ]
              ],
              "offset": {
                "start": 58,
                "end": 81
              },
              "line": 5,
              "column": 5
            },
            {
              "kind": "command",
              "value": [
                [
                  {
                    "kind": "keyword",
                    "value": "let",
                    "offset": {
                      "start": 81,
                      "end": 84
                    },
                    "line": 6,
                    "column": 5
                  },
                  null,
                  [
                    null,
                    {
                      "kind": "variable",
                      "value": {
                        "variable": {
                          "kind": "identifier",
                          "value": "y",
                          "offset": {
                            "start": 88,
                            "end": 89
                          },
                          "line": 6,
                          "column": 12
                        }
                      },
                      "offset": {
                        "start": 88,
                        "end": 89
                      },
                      "line": 6,
                      "column": 12
                    }
                  ],
                  null,
                  {
                    "kind": "operator",
                    "value": "=",
                    "offset": {
                      "start": 90,
                      "end": 91
                    },
                    "line": 6,
                    "column": 14
                  },
                  null,
                  [
                    {
                      "kind": "variable",
                      "value": {
                        "variable": {
                          "kind": "identifier",
                          "value": "sqlca",
                          "offset": {
                            "start": 92,
                            "end": 97
                          },
                          "line": 6,
                          "column": 16
                        }
                      },
                      "offset": {
                        "start": 92,
                        "end": 97
                      },
                      "line": 6,
                      "column": 16
                    }
                  ]
                ]
              ],
              "offset": {
                "start": 81,
                "end": 103
              },
              "line": 6,
              "column": 5
            }
          ]
        },
        "offset": {
          "start": 0,
          "end": 112
        },
        "line": 1,
        "column": 1
      }
    ]
  }
]
`;

exports[`empty_main.4gl 1`] = `
main

end main
~~~~~~~~~~~~~~~~~~~~~~~~~~~~~~~~~~~~~~~~~~~~~~~~~~~~~~~~~~~~~~~~~~~~~~~~~~~~~~~~
[
  {
    "kind": "program",
    "value": [
      {
        "kind": "function",
        "value": {
          "id": "main",
          "arguments": [],
          "block": null
        },
        "offset": {
          "start": 0,
          "end": 15
        },
        "line": 1,
        "column": 1
      }
    ]
  }
]
`;

exports[`globals.4gl 1`] = `
globals "abc.txt"

globals
  DEFINE NOME CHAR(50) # abc
end globals

main

end main
~~~~~~~~~~~~~~~~~~~~~~~~~~~~~~~~~~~~~~~~~~~~~~~~~~~~~~~~~~~~~~~~~~~~~~~~~~~~~~~~
[
  {
    "kind": "program",
    "value": [
      {
        "value": [
          {
            "kind": "keyword",
            "value": "globals",
            "offset": {
              "start": 0,
              "end": 7
            },
            "line": 1,
            "column": 1
          },
          null,
          {
            "kind": "string",
            "value": {
              "type": "string",
              "value": "\\"abc.txt\\""
            },
            "offset": {
              "start": 8,
              "end": 17
            },
            "line": 1,
            "column": 9
          }
        ],
        "offset": {
          "start": 0,
          "end": 17
        },
        "line": 1,
        "column": 1
      },
      {
        "value": [
          {
            "kind": "keyword",
            "value": "globals",
            "offset": {
              "start": 19,
              "end": 26
            },
            "line": 3,
            "column": 1
          },
          null,
          [
            [
              {
                "kind": "keyword",
                "value": "DEFINE",
                "offset": {
                  "start": 29,
                  "end": 35
                },
                "line": 4,
                "column": 3
              },
              null,
              {
                "kind": "identifier",
                "value": "NOME",
                "offset": {
                  "start": 36,
                  "end": 40
                },
                "line": 4,
                "column": 10
              },
              null,
              "CHAR(50)"
            ],
            null,
            {
              "kind": "comment",
              "value": "# abc\\n",
              "offset": {
                "start": 50,
                "end": 56
              },
              "line": 4,
              "column": 24
            }
          ],
          {
            "kind": "keyword",
            "value": "end",
            "offset": {
              "start": 56,
              "end": 59
            },
            "line": 5,
            "column": 1
          },
          null,
          {
            "kind": "keyword",
            "value": "globals",
            "offset": {
              "start": 60,
              "end": 67
            },
            "line": 5,
            "column": 5
          },
          null
        ],
        "offset": {
          "start": 19,
          "end": 69
        },
        "line": 3,
        "column": 1
      },
      {
        "kind": "function",
        "value": {
          "id": "main",
          "arguments": [],
          "block": null
        },
        "offset": {
          "start": 69,
          "end": 84
        },
        "line": 7,
        "column": 1
      }
    ]
  }
]
`;

exports[`strings.4gl 1`] = `
main

    let x, y = ''
    let x, y = 'ABC,DEF'
    let x, y = '"'
    let x, y = 'ABC\\'DEF'
    
end main

function f1()

    let x, y = ""
    let x, y = "ABC,DEF"
    let x, y = "'"
    let x, y = "ABC\\"DEF"
    
end function
~~~~~~~~~~~~~~~~~~~~~~~~~~~~~~~~~~~~~~~~~~~~~~~~~~~~~~~~~~~~~~~~~~~~~~~~~~~~~~~~
[
  {
    "kind": "program",
    "value": [
      {
        "kind": "function",
        "value": {
          "id": "main",
          "arguments": [],
          "block": [
            {
              "kind": "command",
              "value": [
                [
                  {
                    "kind": "keyword",
                    "value": "let",
                    "offset": {
                      "start": 10,
                      "end": 13
                    },
                    "line": 3,
                    "column": 5
                  },
                  null,
                  [
                    null,
                    {
                      "kind": "variable",
                      "value": {
                        "variable": {
                          "kind": "identifier",
                          "value": "y",
                          "offset": {
                            "start": 17,
                            "end": 18
                          },
                          "line": 3,
                          "column": 12
                        }
                      },
                      "offset": {
                        "start": 17,
                        "end": 18
                      },
                      "line": 3,
                      "column": 12
                    }
                  ],
                  null,
                  {
                    "kind": "operator",
                    "value": "=",
                    "offset": {
                      "start": 19,
                      "end": 20
                    },
                    "line": 3,
                    "column": 14
                  },
                  null,
                  [
                    {
                      "kind": "string",
                      "value": {
                        "type": "string",
                        "value": "''"
                      },
                      "offset": {
                        "start": 21,
                        "end": 23
                      },
                      "line": 3,
                      "column": 16
                    }
                  ]
                ]
              ],
              "offset": {
                "start": 10,
                "end": 28
              },
              "line": 3,
              "column": 5
            },
            {
              "kind": "command",
              "value": [
                [
                  {
                    "kind": "keyword",
                    "value": "let",
                    "offset": {
                      "start": 28,
                      "end": 31
                    },
                    "line": 4,
                    "column": 5
                  },
                  null,
                  [
                    null,
                    {
                      "kind": "variable",
                      "value": {
                        "variable": {
                          "kind": "identifier",
                          "value": "y",
                          "offset": {
                            "start": 35,
                            "end": 36
                          },
                          "line": 4,
                          "column": 12
                        }
                      },
                      "offset": {
                        "start": 35,
                        "end": 36
                      },
                      "line": 4,
                      "column": 12
                    }
                  ],
                  null,
                  {
                    "kind": "operator",
                    "value": "=",
                    "offset": {
                      "start": 37,
                      "end": 38
                    },
                    "line": 4,
                    "column": 14
                  },
                  null,
                  [
                    {
                      "kind": "string",
                      "value": {
                        "type": "string",
                        "value": "'ABC,DEF'"
                      },
                      "offset": {
                        "start": 39,
                        "end": 48
                      },
                      "line": 4,
                      "column": 16
                    }
                  ]
                ]
              ],
              "offset": {
                "start": 28,
                "end": 53
              },
              "line": 4,
              "column": 5
            },
            {
              "kind": "command",
              "value": [
                [
                  {
                    "kind": "keyword",
                    "value": "let",
                    "offset": {
                      "start": 53,
                      "end": 56
                    },
                    "line": 5,
                    "column": 5
                  },
                  null,
                  [
                    null,
                    {
                      "kind": "variable",
                      "value": {
                        "variable": {
                          "kind": "identifier",
                          "value": "y",
                          "offset": {
                            "start": 60,
                            "end": 61
                          },
                          "line": 5,
                          "column": 12
                        }
                      },
                      "offset": {
                        "start": 60,
                        "end": 61
                      },
                      "line": 5,
                      "column": 12
                    }
                  ],
                  null,
                  {
                    "kind": "operator",
                    "value": "=",
                    "offset": {
                      "start": 62,
                      "end": 63
                    },
                    "line": 5,
                    "column": 14
                  },
                  null,
                  [
                    {
                      "kind": "string",
                      "value": {
                        "type": "string",
                        "value": "'\\"'"
                      },
                      "offset": {
                        "start": 64,
                        "end": 67
                      },
                      "line": 5,
                      "column": 16
                    }
                  ]
                ]
              ],
              "offset": {
                "start": 53,
                "end": 72
              },
              "line": 5,
              "column": 5
            },
            {
              "kind": "command",
              "value": [
                [
                  {
                    "kind": "keyword",
                    "value": "let",
                    "offset": {
                      "start": 72,
                      "end": 75
                    },
                    "line": 6,
                    "column": 5
                  },
                  null,
                  [
                    null,
                    {
                      "kind": "variable",
                      "value": {
                        "variable": {
                          "kind": "identifier",
                          "value": "y",
                          "offset": {
                            "start": 79,
                            "end": 80
                          },
                          "line": 6,
                          "column": 12
                        }
                      },
                      "offset": {
                        "start": 79,
                        "end": 80
                      },
                      "line": 6,
                      "column": 12
                    }
                  ],
                  null,
                  {
                    "kind": "operator",
                    "value": "=",
                    "offset": {
                      "start": 81,
                      "end": 82
                    },
                    "line": 6,
                    "column": 14
                  },
                  null,
                  [
                    {
                      "kind": "string",
                      "value": {
                        "type": "string",
                        "value": "'ABC\\\\'DEF'"
                      },
                      "offset": {
                        "start": 83,
                        "end": 93
                      },
                      "line": 6,
                      "column": 16
                    }
                  ]
                ]
              ],
              "offset": {
                "start": 72,
                "end": 99
              },
              "line": 6,
              "column": 5
            }
          ]
        },
        "offset": {
          "start": 0,
          "end": 109
        },
        "line": 1,
        "column": 1
      },
      {
        "kind": "function",
        "value": {
          "id": {
            "kind": "identifier",
            "value": "f1",
            "offset": {
              "start": 118,
              "end": 120
            },
            "line": 10,
            "column": 10
          },
          "arguments": [],
          "block": [
            {
              "kind": "command",
              "value": [
                [
                  {
                    "kind": "keyword",
                    "value": "let",
                    "offset": {
                      "start": 128,
                      "end": 131
                    },
                    "line": 12,
                    "column": 5
                  },
                  null,
                  [
                    null,
                    {
                      "kind": "variable",
                      "value": {
                        "variable": {
                          "kind": "identifier",
                          "value": "y",
                          "offset": {
                            "start": 135,
                            "end": 136
                          },
                          "line": 12,
                          "column": 12
                        }
                      },
                      "offset": {
                        "start": 135,
                        "end": 136
                      },
                      "line": 12,
                      "column": 12
                    }
                  ],
                  null,
                  {
                    "kind": "operator",
                    "value": "=",
                    "offset": {
                      "start": 137,
                      "end": 138
                    },
                    "line": 12,
                    "column": 14
                  },
                  null,
                  [
                    {
                      "kind": "string",
                      "value": {
                        "type": "string",
                        "value": "\\"\\""
                      },
                      "offset": {
                        "start": 139,
                        "end": 141
                      },
                      "line": 12,
                      "column": 16
                    }
                  ]
                ]
              ],
              "offset": {
                "start": 122,
                "end": 146
              },
              "line": 10,
              "column": 14
            },
            {
              "kind": "command",
              "value": [
                [
                  {
                    "kind": "keyword",
                    "value": "let",
                    "offset": {
                      "start": 146,
                      "end": 149
                    },
                    "line": 13,
                    "column": 5
                  },
                  null,
                  [
                    null,
                    {
                      "kind": "variable",
                      "value": {
                        "variable": {
                          "kind": "identifier",
                          "value": "y",
                          "offset": {
                            "start": 153,
                            "end": 154
                          },
                          "line": 13,
                          "column": 12
                        }
                      },
                      "offset": {
                        "start": 153,
                        "end": 154
                      },
                      "line": 13,
                      "column": 12
                    }
                  ],
                  null,
                  {
                    "kind": "operator",
                    "value": "=",
                    "offset": {
                      "start": 155,
                      "end": 156
                    },
                    "line": 13,
                    "column": 14
                  },
                  null,
                  [
                    {
                      "kind": "string",
                      "value": {
                        "type": "string",
                        "value": "\\"ABC,DEF\\""
                      },
                      "offset": {
                        "start": 157,
                        "end": 166
                      },
                      "line": 13,
                      "column": 16
                    }
                  ]
                ]
              ],
              "offset": {
                "start": 146,
                "end": 171
              },
              "line": 13,
              "column": 5
            },
            {
              "kind": "command",
              "value": [
                [
                  {
                    "kind": "keyword",
                    "value": "let",
                    "offset": {
                      "start": 171,
                      "end": 174
                    },
                    "line": 14,
                    "column": 5
                  },
                  null,
                  [
                    null,
                    {
                      "kind": "variable",
                      "value": {
                        "variable": {
                          "kind": "identifier",
                          "value": "y",
                          "offset": {
                            "start": 178,
                            "end": 179
                          },
                          "line": 14,
                          "column": 12
                        }
                      },
                      "offset": {
                        "start": 178,
                        "end": 179
                      },
                      "line": 14,
                      "column": 12
                    }
                  ],
                  null,
                  {
                    "kind": "operator",
                    "value": "=",
                    "offset": {
                      "start": 180,
                      "end": 181
                    },
                    "line": 14,
                    "column": 14
                  },
                  null,
                  [
                    {
                      "kind": "string",
                      "value": {
                        "type": "string",
                        "value": "\\"'\\""
                      },
                      "offset": {
                        "start": 182,
                        "end": 185
                      },
                      "line": 14,
                      "column": 16
                    }
                  ]
                ]
              ],
              "offset": {
                "start": 171,
                "end": 190
              },
              "line": 14,
              "column": 5
            },
            {
              "kind": "command",
              "value": [
                [
                  {
                    "kind": "keyword",
                    "value": "let",
                    "offset": {
                      "start": 190,
                      "end": 193
                    },
                    "line": 15,
                    "column": 5
                  },
                  null,
                  [
                    null,
                    {
                      "kind": "variable",
                      "value": {
                        "variable": {
                          "kind": "identifier",
                          "value": "y",
                          "offset": {
                            "start": 197,
                            "end": 198
                          },
                          "line": 15,
                          "column": 12
                        }
                      },
                      "offset": {
                        "start": 197,
                        "end": 198
                      },
                      "line": 15,
                      "column": 12
                    }
                  ],
                  null,
                  {
                    "kind": "operator",
                    "value": "=",
                    "offset": {
                      "start": 199,
                      "end": 200
                    },
                    "line": 15,
                    "column": 14
                  },
                  null,
                  [
                    {
                      "kind": "string",
                      "value": {
                        "type": "string",
                        "value": "\\"ABC\\\\\\"DEF\\""
                      },
                      "offset": {
                        "start": 201,
                        "end": 211
                      },
                      "line": 15,
                      "column": 16
                    }
                  ]
                ]
              ],
              "offset": {
                "start": 190,
                "end": 217
              },
              "line": 15,
              "column": 5
            }
          ]
        },
        "offset": {
          "start": 109,
          "end": 230
        },
        "line": 10,
        "column": 1
      }
    ]
  }
]
`;
