// Jest Snapshot v1, https://goo.gl/fbAQLP

exports[`4gl: Token hello1.4gl 1`] = `
main 
  display "hello "
end main
~~~~~~~~~~~~~~~~~~~~~~~~~~~~~~~~~~~~~~~~~~~~~~~~~~~~~~~~~~~~~~~~~~~~~~~~~~~~~~~~
{
 "ctx": {},
 "ASTy": true,
 "T": "program",
 "L": {
  "L": 1,
  "C": 1,
  "O": 0
 },
 "A": {
  "value": [
   {
    "ctx": {},
    "ASTy": true,
    "T": "keyword",
    "L": {
     "L": 1,
     "C": 1,
     "O": 0
    },
    "A": {
     "value": "main",
     "block": "begin"
    },
    "C": [],
    "P": null
   },
   {
    "ctx": {},
    "ASTy": true,
    "T": "whiteSpace",
    "L": {
     "L": 1,
     "C": 5,
     "O": 4
    },
    "A": {
     "value": " "
    },
    "C": [],
    "P": null
   },
   {
    "ctx": {},
    "ASTy": true,
    "T": "newLine",
    "L": {
     "L": 1,
     "C": 6,
     "O": 5
    },
    "A": {
     "value": "\\n"
    },
    "C": [],
    "P": null
   },
   {
    "ctx": {},
    "ASTy": true,
    "T": "whiteSpace",
    "L": {
     "L": 2,
     "C": 1,
     "O": 6
    },
    "A": {
     "value": "  "
    },
    "C": [],
    "P": null
   },
   [
    {
     "ctx": {},
     "ASTy": true,
     "T": "keyword",
     "L": {
      "L": 2,
      "C": 3,
      "O": 8
     },
     "A": {
      "value": "display"
     },
     "C": [],
     "P": null
    },
    {
     "ctx": {},
     "ASTy": true,
     "T": {
      "ctx": {},
      "ASTy": true,
      "T": "whiteSpace",
      "L": {
       "L": 2,
       "C": 10,
       "O": 15
      },
      "A": {
       "value": " "
      },
      "C": [],
      "P": null
     },
     "L": {
      "L": 2,
      "C": 3,
      "O": 8
     },
     "A": {},
     "C": [],
     "P": null
    }
   ],
   {
    "ctx": {},
    "ASTy": true,
    "T": "string",
    "L": {
     "L": 2,
     "C": 11,
     "O": 16
    },
    "A": {
     "value": "\\"hello \\""
    },
    "C": [],
    "P": null
   },
   {
    "ctx": {},
    "ASTy": true,
    "T": "newLine",
    "L": {
     "L": 2,
     "C": 19,
     "O": 24
    },
    "A": {
     "value": "\\n"
    },
    "C": [],
    "P": null
   },
   [
    {
     "ctx": {},
     "ASTy": true,
     "T": "keyword",
     "L": {
      "L": 3,
      "C": 1,
      "O": 25
     },
     "A": {
      "value": "end"
     },
     "C": [],
     "P": null
    },
    {
     "ctx": {},
     "ASTy": true,
     "T": {
      "ctx": {},
      "ASTy": true,
      "T": "whiteSpace",
      "L": {
       "L": 3,
       "C": 4,
       "O": 28
      },
      "A": {
       "value": " "
      },
      "C": [],
      "P": null
     },
     "L": {
      "L": 3,
      "C": 1,
      "O": 25
     },
     "A": {},
     "C": [],
     "P": null
    },
    {
     "ctx": {},
     "ASTy": true,
     "T": "keyword",
     "L": {
      "L": 3,
      "C": 1,
      "O": 25
     },
     "A": {
      "value": "main",
      "block": "end"
     },
     "C": [],
     "P": null
    }
   ],
   {
    "ctx": {},
    "ASTy": true,
    "T": "newLine",
    "L": {
     "L": 3,
     "C": 9,
     "O": 33
    },
    "A": {
     "value": "\\n"
    },
    "C": [],
    "P": null
   }
  ]
 },
 "C": [],
 "P": null
}
`;

exports[`4gl: Token hello2.4gl 1`] = `
main

--  define nome char(50) # abc
--  prompt "digite seu nome : " for nome

--  call fgl_winmessage( "hello",nome, "info")

end main
~~~~~~~~~~~~~~~~~~~~~~~~~~~~~~~~~~~~~~~~~~~~~~~~~~~~~~~~~~~~~~~~~~~~~~~~~~~~~~~~
{
 "ctx": {},
 "ASTy": true,
 "T": "program",
 "L": {
  "L": 1,
  "C": 1,
  "O": 0
 },
 "A": {
  "value": [
   {
    "ctx": {},
    "ASTy": true,
    "T": "keyword",
    "L": {
     "L": 1,
     "C": 1,
     "O": 0
    },
    "A": {
     "value": "main",
     "block": "begin"
    },
    "C": [],
    "P": null
   },
   {
    "ctx": {},
    "ASTy": true,
    "T": "newLine",
    "L": {
     "L": 1,
     "C": 5,
     "O": 4
    },
    "A": {
     "value": "\\n\\n"
    },
    "C": [],
    "P": null
   },
   {
    "ctx": {},
    "ASTy": true,
    "T": "operator",
    "L": {
     "L": 3,
     "C": 1,
     "O": 6
    },
    "A": {
     "value": "-"
    },
    "C": [],
    "P": null
   },
   {
    "ctx": {},
    "ASTy": true,
    "T": "operator",
    "L": {
     "L": 3,
     "C": 2,
     "O": 7
    },
    "A": {
     "value": "-"
    },
    "C": [],
    "P": null
   },
   {
    "ctx": {},
    "ASTy": true,
    "T": "whiteSpace",
    "L": {
     "L": 3,
     "C": 3,
     "O": 8
    },
    "A": {
     "value": "  "
    },
    "C": [],
    "P": null
   },
   [
    {
     "ctx": {},
     "ASTy": true,
     "T": "keyword",
     "L": {
      "L": 3,
      "C": 5,
      "O": 10
     },
     "A": {
      "value": "define"
     },
     "C": [],
     "P": null
    },
    {
     "ctx": {},
     "ASTy": true,
     "T": {
      "ctx": {},
      "ASTy": true,
      "T": "whiteSpace",
      "L": {
       "L": 3,
       "C": 11,
       "O": 16
      },
      "A": {
       "value": " "
      },
      "C": [],
      "P": null
     },
     "L": {
      "L": 3,
      "C": 5,
      "O": 10
     },
     "A": {},
     "C": [],
     "P": null
    }
   ],
   {
    "ctx": {},
    "ASTy": true,
    "T": "identifier",
    "L": {
     "L": 3,
     "C": 12,
     "O": 17
    },
    "A": {
     "value": "nome"
    },
    "C": [],
    "P": null
   },
   {
    "ctx": {},
    "ASTy": true,
    "T": "whiteSpace",
    "L": {
     "L": 3,
     "C": 16,
     "O": 21
    },
    "A": {
     "value": " "
    },
    "C": [],
    "P": null
   },
   {
    "ctx": {},
    "ASTy": true,
    "T": "identifier",
    "L": {
     "L": 3,
     "C": 17,
     "O": 22
    },
    "A": {
     "value": "char"
    },
    "C": [],
    "P": null
   },
   {
    "ctx": {},
    "ASTy": true,
    "T": "operator",
    "L": {
     "L": 3,
     "C": 21,
     "O": 26
    },
    "A": {
     "value": "("
    },
    "C": [],
    "P": null
   },
   {
    "ctx": {},
    "ASTy": true,
    "T": "number",
    "L": {
     "L": 3,
     "C": 22,
     "O": 27
    },
    "A": {
     "value": "50"
    },
    "C": [],
    "P": null
   },
   {
    "ctx": {},
    "ASTy": true,
    "T": "operator",
    "L": {
     "L": 3,
     "C": 24,
     "O": 29
    },
    "A": {
     "value": ")"
    },
    "C": [],
    "P": null
   },
   {
    "ctx": {},
    "ASTy": true,
    "T": "whiteSpace",
    "L": {
     "L": 3,
     "C": 25,
     "O": 30
    },
    "A": {
     "value": " "
    },
    "C": [],
    "P": null
   },
   {
    "ctx": {},
    "ASTy": true,
    "T": "comment",
    "L": {
     "L": 3,
     "C": 26,
     "O": 31
    },
    "A": {
     "value": "# abc\\n"
    },
    "C": [],
    "P": null
   },
   {
    "ctx": {},
    "ASTy": true,
    "T": "operator",
    "L": {
     "L": 4,
     "C": 1,
     "O": 37
    },
    "A": {
     "value": "-"
    },
    "C": [],
    "P": null
   },
   {
    "ctx": {},
    "ASTy": true,
    "T": "operator",
    "L": {
     "L": 4,
     "C": 2,
     "O": 38
    },
    "A": {
     "value": "-"
    },
    "C": [],
    "P": null
   },
   {
    "ctx": {},
    "ASTy": true,
    "T": "whiteSpace",
    "L": {
     "L": 4,
     "C": 3,
     "O": 39
    },
    "A": {
     "value": "  "
    },
    "C": [],
    "P": null
   },
   [
    {
     "ctx": {},
     "ASTy": true,
     "T": "keyword",
     "L": {
      "L": 4,
      "C": 5,
      "O": 41
     },
     "A": {
      "value": "prompt"
     },
     "C": [],
     "P": null
    },
    {
     "ctx": {},
     "ASTy": true,
     "T": {
      "ctx": {},
      "ASTy": true,
      "T": "whiteSpace",
      "L": {
       "L": 4,
       "C": 11,
       "O": 47
      },
      "A": {
       "value": " "
      },
      "C": [],
      "P": null
     },
     "L": {
      "L": 4,
      "C": 5,
      "O": 41
     },
     "A": {},
     "C": [],
     "P": null
    }
   ],
   {
    "ctx": {},
    "ASTy": true,
    "T": "string",
    "L": {
     "L": 4,
     "C": 12,
     "O": 48
    },
    "A": {
     "value": "\\"digite seu nome : \\""
    },
    "C": [],
    "P": null
   },
   {
    "ctx": {},
    "ASTy": true,
    "T": "whiteSpace",
    "L": {
     "L": 4,
     "C": 32,
     "O": 68
    },
    "A": {
     "value": " "
    },
    "C": [],
    "P": null
   },
   [
    {
     "ctx": {},
     "ASTy": true,
     "T": "keyword",
     "L": {
      "L": 4,
      "C": 33,
      "O": 69
     },
     "A": {
      "value": "for"
     },
     "C": [],
     "P": null
    },
    {
     "ctx": {},
     "ASTy": true,
     "T": {
      "ctx": {},
      "ASTy": true,
      "T": "whiteSpace",
      "L": {
       "L": 4,
       "C": 36,
       "O": 72
      },
      "A": {
       "value": " "
      },
      "C": [],
      "P": null
     },
     "L": {
      "L": 4,
      "C": 33,
      "O": 69
     },
     "A": {},
     "C": [],
     "P": null
    }
   ],
   {
    "ctx": {},
    "ASTy": true,
    "T": "identifier",
    "L": {
     "L": 4,
     "C": 37,
     "O": 73
    },
    "A": {
     "value": "nome"
    },
    "C": [],
    "P": null
   },
   {
    "ctx": {},
    "ASTy": true,
    "T": "newLine",
    "L": {
     "L": 4,
     "C": 41,
     "O": 77
    },
    "A": {
     "value": "\\n\\n"
    },
    "C": [],
    "P": null
   },
   {
    "ctx": {},
    "ASTy": true,
    "T": "operator",
    "L": {
     "L": 6,
     "C": 1,
     "O": 79
    },
    "A": {
     "value": "-"
    },
    "C": [],
    "P": null
   },
   {
    "ctx": {},
    "ASTy": true,
    "T": "operator",
    "L": {
     "L": 6,
     "C": 2,
     "O": 80
    },
    "A": {
     "value": "-"
    },
    "C": [],
    "P": null
   },
   {
    "ctx": {},
    "ASTy": true,
    "T": "whiteSpace",
    "L": {
     "L": 6,
     "C": 3,
     "O": 81
    },
    "A": {
     "value": "  "
    },
    "C": [],
    "P": null
   },
   [
    {
     "ctx": {},
     "ASTy": true,
     "T": "keyword",
     "L": {
      "L": 6,
      "C": 5,
      "O": 83
     },
     "A": {
      "value": "call"
     },
     "C": [],
     "P": null
    },
    {
     "ctx": {},
     "ASTy": true,
     "T": {
      "ctx": {},
      "ASTy": true,
      "T": "whiteSpace",
      "L": {
       "L": 6,
       "C": 9,
       "O": 87
      },
      "A": {
       "value": " "
      },
      "C": [],
      "P": null
     },
     "L": {
      "L": 6,
      "C": 5,
      "O": 83
     },
     "A": {},
     "C": [],
     "P": null
    }
   ],
   {
    "ctx": {},
    "ASTy": true,
    "T": "identifier",
    "L": {
     "L": 6,
     "C": 10,
     "O": 88
    },
    "A": {
     "value": "fgl_winmessage"
    },
    "C": [],
    "P": null
   },
   {
    "ctx": {},
    "ASTy": true,
    "T": "operator",
    "L": {
     "L": 6,
     "C": 24,
     "O": 102
    },
    "A": {
     "value": "("
    },
    "C": [],
    "P": null
   },
   {
    "ctx": {},
    "ASTy": true,
    "T": "whiteSpace",
    "L": {
     "L": 6,
     "C": 25,
     "O": 103
    },
    "A": {
     "value": " "
    },
    "C": [],
    "P": null
   },
   {
    "ctx": {},
    "ASTy": true,
    "T": "string",
    "L": {
     "L": 6,
     "C": 26,
     "O": 104
    },
    "A": {
     "value": "\\"hello\\""
    },
    "C": [],
    "P": null
   },
   {
    "ctx": {},
    "ASTy": true,
    "T": "operator",
    "L": {
     "L": 6,
     "C": 33,
     "O": 111
    },
    "A": {
     "value": ","
    },
    "C": [],
    "P": null
   },
   {
    "ctx": {},
    "ASTy": true,
    "T": "identifier",
    "L": {
     "L": 6,
     "C": 34,
     "O": 112
    },
    "A": {
     "value": "nome"
    },
    "C": [],
    "P": null
   },
   [
    {
     "ctx": {},
     "ASTy": true,
     "T": "keyword",
     "L": {
      "L": 6,
      "C": 38,
      "O": 116
     },
     "A": {
      "value": ","
     },
     "C": [],
     "P": null
    },
    {
     "ctx": {},
     "ASTy": true,
     "T": {
      "ctx": {},
      "ASTy": true,
      "T": "whiteSpace",
      "L": {
       "L": 6,
       "C": 39,
       "O": 117
      },
      "A": {
       "value": " "
      },
      "C": [],
      "P": null
     },
     "L": {
      "L": 6,
      "C": 38,
      "O": 116
     },
     "A": {},
     "C": [],
     "P": null
    }
   ],
   {
    "ctx": {},
    "ASTy": true,
    "T": "string",
    "L": {
     "L": 6,
     "C": 40,
     "O": 118
    },
    "A": {
     "value": "\\"info\\""
    },
    "C": [],
    "P": null
   },
   {
    "ctx": {},
    "ASTy": true,
    "T": "operator",
    "L": {
     "L": 6,
     "C": 46,
     "O": 124
    },
    "A": {
     "value": ")"
    },
    "C": [],
    "P": null
   },
   {
    "ctx": {},
    "ASTy": true,
    "T": "newLine",
    "L": {
     "L": 6,
     "C": 47,
     "O": 125
    },
    "A": {
     "value": "\\n\\n"
    },
    "C": [],
    "P": null
   },
   [
    {
     "ctx": {},
     "ASTy": true,
     "T": "keyword",
     "L": {
      "L": 8,
      "C": 1,
      "O": 127
     },
     "A": {
      "value": "end"
     },
     "C": [],
     "P": null
    },
    {
     "ctx": {},
     "ASTy": true,
     "T": {
      "ctx": {},
      "ASTy": true,
      "T": "whiteSpace",
      "L": {
       "L": 8,
       "C": 4,
       "O": 130
      },
      "A": {
       "value": " "
      },
      "C": [],
      "P": null
     },
     "L": {
      "L": 8,
      "C": 1,
      "O": 127
     },
     "A": {},
     "C": [],
     "P": null
    },
    {
     "ctx": {},
     "ASTy": true,
     "T": "keyword",
     "L": {
      "L": 8,
      "C": 1,
      "O": 127
     },
     "A": {
      "value": "main",
      "block": "end"
     },
     "C": [],
     "P": null
    }
   ],
   {
    "ctx": {},
    "ASTy": true,
    "T": "newLine",
    "L": {
     "L": 8,
     "C": 9,
     "O": 135
    },
    "A": {
     "value": "\\n"
    },
    "C": [],
    "P": null
   }
  ]
 },
 "C": [],
 "P": null
}
`;

exports[`4gl: Token hello3.4gl 1`] = `
~~~~~~~~~~~~~~~~~~~~~~~~~~~~~~~~~~~~~~~~~~~~~~~~~~~~~~~~~~~~~~~~~~~~~~~~~~~~~~~~
{
 "ctx": {},
 "ASTy": true,
 "T": "program",
 "L": {
  "L": 1,
  "C": 1,
  "O": 0
 },
 "A": {
  "value": []
 },
 "C": [],
 "P": null
}
`;
