// Jest Snapshot v1, https://goo.gl/fbAQLP

exports[`hello1.4gl 1`] = `
main 
  display "hello "
end main
~~~~~~~~~~~~~~~~~~~~~~~~~~~~~~~~~~~~~~~~~~~~~~~~~~~~~~~~~~~~~~~~~~~~~~~~~~~~~~~~
[
  {
    "kind": "program",
    "value": [
      {
        "kind": "function",
        "value": {
          "id": "main",
          "arguments": [],
          "block": [
            {
              "kind": "command",
              "value": [
                [
                  {
                    "kind": "keyword",
                    "value": "display",
                    "offset": {
                      "start": 8,
                      "end": 15
                    },
                    "line": 2,
                    "column": 3
                  },
                  null,
                  [
                    {
                      "kind": "string",
                      "value": {
                        "type": "string",
                        "value": "\\"hello \\""
                      },
                      "offset": {
                        "start": 16,
                        "end": 24
                      },
                      "line": 2,
                      "column": 11
                    }
                  ]
                ]
              ],
              "offset": {
                "start": 8,
                "end": 25
              },
              "line": 2,
              "column": 3
            }
          ]
        },
        "offset": {
          "start": 0,
          "end": 34
        },
        "line": 1,
        "column": 1
      }
    ]
  }
]
`;

exports[`hello2.4gl 1`] = `
main 

  define nome char(50) # abc
  prompt "digite seu nome : " for nome
  
  call fgl_winmessage( "hello",nome, "info")
  
end main
~~~~~~~~~~~~~~~~~~~~~~~~~~~~~~~~~~~~~~~~~~~~~~~~~~~~~~~~~~~~~~~~~~~~~~~~~~~~~~~~
[
  {
    "kind": "program",
    "value": [
      {
        "kind": "function",
        "value": {
          "id": "main",
          "arguments": [],
          "block": [
            {
              "kind": "command",
              "value": [
                [
                  {
                    "kind": "keyword",
                    "value": "define",
                    "offset": {
                      "start": 9,
                      "end": 15
                    },
                    "line": 3,
                    "column": 3
                  },
                  null,
                  {
                    "kind": "identifier",
                    "value": "nome",
                    "offset": {
                      "start": 16,
                      "end": 20
                    },
                    "line": 3,
                    "column": 10
                  },
                  null,
                  "char(50)"
                ]
              ],
              "offset": {
                "start": 9,
                "end": 36
              },
              "line": 3,
              "column": 3
            },
            {
              "kind": "command",
              "value": [
                [
                  {
                    "kind": "keyword",
                    "value": "prompt",
                    "offset": {
                      "start": 38,
                      "end": 44
                    },
                    "line": 4,
                    "column": 3
                  },
                  null,
                  {
                    "kind": "string",
                    "value": {
                      "type": "string",
                      "value": "\\"digite seu nome : \\""
                    },
                    "offset": {
                      "start": 45,
                      "end": 65
                    },
                    "line": 4,
                    "column": 10
                  },
                  null,
                  {
                    "kind": "keyword",
                    "value": "for",
                    "offset": {
                      "start": 66,
                      "end": 69
                    },
                    "line": 4,
                    "column": 31
                  },
                  null,
                  {
                    "kind": "identifier",
                    "value": "nome",
                    "offset": {
                      "start": 70,
                      "end": 74
                    },
                    "line": 4,
                    "column": 35
                  }
                ]
              ],
              "offset": {
                "start": 36,
                "end": 80
              },
              "line": 4,
              "column": 1
            },
            {
              "kind": "command",
              "value": [
                [
                  {
                    "kind": "keyword",
                    "value": "call",
                    "offset": {
                      "start": 80,
                      "end": 84
                    },
                    "line": 6,
                    "column": 3
                  },
                  null,
                  {
                    "kind": "identifier",
                    "value": "fgl_winmessage",
                    "offset": {
                      "start": 85,
                      "end": 99
                    },
                    "line": 6,
                    "column": 8
                  },
                  null,
                  [
                    [
                      {
                        "kind": "string",
                        "value": {
                          "type": "string",
                          "value": "\\"hello\\""
                        },
                        "offset": {
                          "start": 101,
                          "end": 108
                        },
                        "line": 6,
                        "column": 24
                      }
                    ],
                    [
                      {
                        "kind": "variable",
                        "value": {
                          "variable": {
                            "kind": "identifier",
                            "value": "nome",
                            "offset": {
                              "start": 109,
                              "end": 113
                            },
                            "line": 6,
                            "column": 32
                          }
                        },
                        "offset": {
                          "start": 109,
                          "end": 113
                        },
                        "line": 6,
                        "column": 32
                      }
                    ],
                    [
                      {
                        "kind": "string",
                        "value": {
                          "type": "string",
                          "value": "\\"info\\""
                        },
                        "offset": {
                          "start": 115,
                          "end": 121
                        },
                        "line": 6,
                        "column": 38
                      }
                    ]
                  ],
                  null
                ]
              ],
              "offset": {
                "start": 80,
                "end": 126
              },
              "line": 6,
              "column": 3
            }
          ]
        },
        "offset": {
          "start": 0,
          "end": 135
        },
        "line": 1,
        "column": 1
      }
    ]
  }
]
`;

exports[`hello3.4gl 1`] = `
~~~~~~~~~~~~~~~~~~~~~~~~~~~~~~~~~~~~~~~~~~~~~~~~~~~~~~~~~~~~~~~~~~~~~~~~~~~~~~~~
[
  {
    "kind": "program",
    "value": []
  }
]
`;
