// Jest Snapshot v1, https://goo.gl/fbAQLP

exports[`4gl: Token comment.4gl 1`] = `
# linha 1
# linha 2
# linha 3

--linha A
--linha B

--linha A1

--linha B2
--linha B3

{ bloco comentado de uma linha }

{ 
    bloco 
    comentado 
    de 
    varias
    linhas 
}
~~~~~~~~~~~~~~~~~~~~~~~~~~~~~~~~~~~~~~~~~~~~~~~~~~~~~~~~~~~~~~~~~~~~~~~~~~~~~~~~
program:  [1:1]
| | comment: [object Object], linha 1,[object Object] [1:1]
| | comment: [object Object], linha 2,[object Object] [2:1]
| comment: [object Object], linha 3,[object Object] [3:1]
| comment: [object Object],[object Object],,linha A,[object Object] [5:1]
| comment: [object Object],[object Object],,linha B,[object Object] [6:1]
| comment: [object Object],[object Object],,linha A1,[object Object] [8:1]
| comment: [object Object],[object Object],,linha B2,[object Object] [10:1]
| comment: [object Object],[object Object],,linha B3,[object Object] [11:1]
| comment: [object Object], bloco comentado de uma linha ,[object Object] [13:1]
| | newLine: \\n\\n [13:33]
| comment: [object Object], 
    bloco 
    comentado 
    de 
    varias
    linhas 
,[object Object] [15:1]
| | newLine: \\n [21:2]

`;
