// Jest Snapshot v1, https://goo.gl/fbAQLP

exports[`prw: Token hello1.prw 1`] = `
#include "protheus.ch"

user function hello1() 
  conout("hello")

user function hello2()
  local x := time()

  conout("hello 2")
  conout (x)

return
~~~~~~~~~~~~~~~~~~~~~~~~~~~~~~~~~~~~~~~~~~~~~~~~~~~~~~~~~~~~~~~~~~~~~~~~~~~~~~~~
program:  [1:1-1:0] {C:1} {A:{}}
| operator: # [1:1-1:1] {C:0} {A:{}}
| keyword: include [1:2-1:8] {C:0} {A:{}}
| whiteSpace: \\b [1:9-1:9] {C:0} {A:{}}
| string: "protheus.ch" [1:10-1:22] {C:0} {A:{}}
| newLine: \\n\\n [1:23-1:24] {C:0} {A:{}}
| keyword: user [3:1-3:4] {C:0} {A:{}}
| whiteSpace: \\b [3:5-3:5] {C:0} {A:{}}
| keyword: function [3:6-3:13] {C:0} {A:{"command":"function"}}
| whiteSpace: \\b [3:14-3:14] {C:0} {A:{}}
| identifier: hello1 [3:15-3:20] {C:0} {A:{}}
| argumentList:  [3:21-3:20] {C:1} {A:{}}
| | operatorParenthesis: ( [3:21-3:21] {C:0} {A:{}}
| | operatorParenthesis: ) [3:22-3:22] {C:0} {A:{}}
| whiteSpace: \\b [3:23-3:23] {C:0} {A:{}}
| newLine: \\n [3:24-3:24] {C:0} {A:{}}
| keyword: user [6:1-6:4] {C:0} {A:{}}
| whiteSpace: \\b [6:5-6:5] {C:0} {A:{}}
| keyword: function [6:6-6:13] {C:0} {A:{"command":"function"}}
| whiteSpace: \\b [6:14-6:14] {C:0} {A:{}}
| identifier: hello2 [6:15-6:20] {C:0} {A:{}}
| argumentList:  [6:21-6:20] {C:1} {A:{}}
| | operatorParenthesis: ( [6:21-6:21] {C:0} {A:{}}
| | operatorParenthesis: ) [6:22-6:22] {C:0} {A:{}}
| newLine: \\n [6:23-6:23] {C:0} {A:{}}

`;

exports[`prw: Token hello2.prw 1`] = `
#include "protheus.ch"

user func hello1() 
  conout("hello")

user func hello2()
  local x := time()

  conout("hello 2")
  conout (x)

retu
~~~~~~~~~~~~~~~~~~~~~~~~~~~~~~~~~~~~~~~~~~~~~~~~~~~~~~~~~~~~~~~~~~~~~~~~~~~~~~~~

`;
