// Jest Snapshot v1, https://goo.gl/fbAQLP

exports[`pragma.4gl 1`] = `
--@format
main 
  display "hello "
end main
~~~~~~~~~~~~~~~~~~~~~~~~~~~~~~~~~~~~~~~~~~~~~~~~~~~~~~~~~~~~~~~~~~~~~~~~~~~~~~~~
[
  {
    "kind": "program",
    "value": [
      {
        "kind": "comment",
        "value": "--@format\\n",
        "offset": {
          "start": 0,
          "end": 10
        },
        "line": 1,
        "column": 1
      },
      {
        "kind": "function",
        "value": {
          "id": "main",
          "arguments": [],
          "block": [
            {
              "kind": "command",
              "value": [
                [
                  {
                    "kind": "keyword",
                    "value": "display",
                    "offset": {
                      "start": 18,
                      "end": 25
                    },
                    "line": 3,
                    "column": 3
                  },
                  null,
                  [
                    {
                      "kind": "string",
                      "value": {
                        "type": "string",
                        "value": "\\"hello \\""
                      },
                      "offset": {
                        "start": 26,
                        "end": 34
                      },
                      "line": 3,
                      "column": 11
                    }
                  ]
                ]
              ],
              "offset": {
                "start": 18,
                "end": 35
              },
              "line": 3,
              "column": 3
            }
          ]
        },
        "offset": {
          "start": 10,
          "end": 44
        },
        "line": 2,
        "column": 1
      }
    ]
  }
]
`;
