// Jest Snapshot v1, https://goo.gl/fbAQLP

exports[`call.4gl 1`] = `
MAIN 

  CALL fgl_winmessage()

  CALL fgl_winmessage("p1")




  CALL fgl_winmessage("p1","p2", "p3")
  CALL fgl_winmessage(1,2,    3)

end main

function f1() 

  CALL fgl_winmessage() returning var1

  CALL fgl_winmessage() returning var1 , var2

CALL fgl_winmessage() returning var1,var2,var3

end function

function f2() 

  CALL fgl_winmessage() returning var1[ind1]

end function

function f3() 

  CALL fgl_winmessage() returning rec1.var1

  CALL fgl_winmessage() returning rec1.*

end function

~~~~~~~~~~~~~~~~~~~~~~~~~~~~~~~~~~~~~~~~~~~~~~~~~~~~~~~~~~~~~~~~~~~~~~~~~~~~~~~~
[
  {
    "kind": "program",
    "value": [
      {
        "kind": "function",
        "value": {
          "id": "main",
          "arguments": [],
          "block": [
            {
              "kind": "command",
              "value": [
                [
                  {
                    "kind": "keyword",
                    "value": "CALL",
                    "offset": {
                      "start": 9,
                      "end": 13
                    },
                    "line": 3,
                    "column": 3
                  },
                  null,
                  {
                    "kind": "identifier",
                    "value": "fgl_winmessage",
                    "offset": {
                      "start": 14,
                      "end": 28
                    },
                    "line": 3,
                    "column": 8
                  },
                  null,
                  [],
                  null
                ]
              ],
              "offset": {
                "start": 9,
                "end": 34
              },
              "line": 3,
              "column": 3
            },
            {
              "kind": "command",
              "value": [
                [
                  {
                    "kind": "keyword",
                    "value": "CALL",
                    "offset": {
                      "start": 34,
                      "end": 38
                    },
                    "line": 5,
                    "column": 3
                  },
                  null,
                  {
                    "kind": "identifier",
                    "value": "fgl_winmessage",
                    "offset": {
                      "start": 39,
                      "end": 53
                    },
                    "line": 5,
                    "column": 8
                  },
                  null,
                  [
                    [
                      {
                        "kind": "string",
                        "value": {
                          "type": "string",
                          "value": "\\"p1\\""
                        },
                        "offset": {
                          "start": 54,
                          "end": 58
                        },
                        "line": 5,
                        "column": 23
                      }
                    ]
                  ],
                  null
                ]
              ],
              "offset": {
                "start": 34,
                "end": 66
              },
              "line": 5,
              "column": 3
            },
            {
              "kind": "command",
              "value": [
                [
                  {
                    "kind": "keyword",
                    "value": "CALL",
                    "offset": {
                      "start": 66,
                      "end": 70
                    },
                    "line": 10,
                    "column": 3
                  },
                  null,
                  {
                    "kind": "identifier",
                    "value": "fgl_winmessage",
                    "offset": {
                      "start": 71,
                      "end": 85
                    },
                    "line": 10,
                    "column": 8
                  },
                  null,
                  [
                    [
                      {
                        "kind": "string",
                        "value": {
                          "type": "string",
                          "value": "\\"p1\\""
                        },
                        "offset": {
                          "start": 86,
                          "end": 90
                        },
                        "line": 10,
                        "column": 23
                      }
                    ],
                    [
                      {
                        "kind": "string",
                        "value": {
                          "type": "string",
                          "value": "\\"p2\\""
                        },
                        "offset": {
                          "start": 91,
                          "end": 95
                        },
                        "line": 10,
                        "column": 28
                      }
                    ],
                    [
                      {
                        "kind": "string",
                        "value": {
                          "type": "string",
                          "value": "\\"p3\\""
                        },
                        "offset": {
                          "start": 97,
                          "end": 101
                        },
                        "line": 10,
                        "column": 34
                      }
                    ]
                  ],
                  null
                ]
              ],
              "offset": {
                "start": 66,
                "end": 105
              },
              "line": 10,
              "column": 3
            },
            {
              "kind": "command",
              "value": [
                [
                  {
                    "kind": "keyword",
                    "value": "CALL",
                    "offset": {
                      "start": 105,
                      "end": 109
                    },
                    "line": 11,
                    "column": 3
                  },
                  null,
                  {
                    "kind": "identifier",
                    "value": "fgl_winmessage",
                    "offset": {
                      "start": 110,
                      "end": 124
                    },
                    "line": 11,
                    "column": 8
                  },
                  null,
                  [
                    [
                      {
                        "kind": "number",
                        "value": {
                          "type": "integer",
                          "value": null
                        },
                        "offset": {
                          "start": 125,
                          "end": 126
                        },
                        "line": 11,
                        "column": 23
                      }
                    ],
                    [
                      {
                        "kind": "number",
                        "value": {
                          "type": "integer",
                          "value": null
                        },
                        "offset": {
                          "start": 127,
                          "end": 128
                        },
                        "line": 11,
                        "column": 25
                      }
                    ],
                    [
                      {
                        "kind": "number",
                        "value": {
                          "type": "integer",
                          "value": null
                        },
                        "offset": {
                          "start": 133,
                          "end": 134
                        },
                        "line": 11,
                        "column": 31
                      }
                    ]
                  ],
                  null
                ]
              ],
              "offset": {
                "start": 105,
                "end": 137
              },
              "line": 11,
              "column": 3
            }
          ]
        },
        "offset": {
          "start": 0,
          "end": 147
        },
        "line": 1,
        "column": 1
      },
      {
        "kind": "function",
        "value": {
          "id": {
            "kind": "identifier",
            "value": "f1",
            "offset": {
              "start": 156,
              "end": 158
            },
            "line": 15,
            "column": 10
          },
          "arguments": [],
          "block": [
            {
              "kind": "command",
              "value": [
                [
                  {
                    "kind": "keyword",
                    "value": "CALL",
                    "offset": {
                      "start": 165,
                      "end": 169
                    },
                    "line": 17,
                    "column": 3
                  },
                  null,
                  {
                    "kind": "identifier",
                    "value": "fgl_winmessage",
                    "offset": {
                      "start": 170,
                      "end": 184
                    },
                    "line": 17,
                    "column": 8
                  },
                  null,
                  [],
                  [
                    null,
                    {
                      "kind": "keyword",
                      "value": "returning",
                      "offset": {
                        "start": 187,
                        "end": 196
                      },
                      "line": 17,
                      "column": 25
                    },
                    null,
                    [
                      {
                        "kind": "variable",
                        "value": {
                          "variable": {
                            "kind": "identifier",
                            "value": "var1",
                            "offset": {
                              "start": 197,
                              "end": 201
                            },
                            "line": 17,
                            "column": 35
                          }
                        },
                        "offset": {
                          "start": 197,
                          "end": 201
                        },
                        "line": 17,
                        "column": 35
                      }
                    ]
                  ]
                ]
              ],
              "offset": {
                "start": 160,
                "end": 205
              },
              "line": 15,
              "column": 14
            },
            {
              "kind": "command",
              "value": [
                [
                  {
                    "kind": "keyword",
                    "value": "CALL",
                    "offset": {
                      "start": 205,
                      "end": 209
                    },
                    "line": 19,
                    "column": 3
                  },
                  null,
                  {
                    "kind": "identifier",
                    "value": "fgl_winmessage",
                    "offset": {
                      "start": 210,
                      "end": 224
                    },
                    "line": 19,
                    "column": 8
                  },
                  null,
                  [],
                  [
                    null,
                    {
                      "kind": "keyword",
                      "value": "returning",
                      "offset": {
                        "start": 227,
                        "end": 236
                      },
                      "line": 19,
                      "column": 25
                    },
                    null,
                    [
                      null,
                      {
                        "kind": "variable",
                        "value": {
                          "variable": {
                            "kind": "identifier",
                            "value": "var2",
                            "offset": {
                              "start": 244,
                              "end": 248
                            },
                            "line": 19,
                            "column": 42
                          }
                        },
                        "offset": {
                          "start": 244,
                          "end": 248
                        },
                        "line": 19,
                        "column": 42
                      }
                    ]
                  ]
                ]
              ],
              "offset": {
                "start": 205,
                "end": 250
              },
              "line": 19,
              "column": 3
            },
            {
              "kind": "command",
              "value": [
                [
                  {
                    "kind": "keyword",
                    "value": "CALL",
                    "offset": {
                      "start": 250,
                      "end": 254
                    },
                    "line": 21,
                    "column": 1
                  },
                  null,
                  {
                    "kind": "identifier",
                    "value": "fgl_winmessage",
                    "offset": {
                      "start": 255,
                      "end": 269
                    },
                    "line": 21,
                    "column": 6
                  },
                  null,
                  [],
                  [
                    null,
                    {
                      "kind": "keyword",
                      "value": "returning",
                      "offset": {
                        "start": 272,
                        "end": 281
                      },
                      "line": 21,
                      "column": 23
                    },
                    null,
                    [
                      null,
                      null,
                      {
                        "kind": "variable",
                        "value": {
                          "variable": {
                            "kind": "identifier",
                            "value": "var3",
                            "offset": {
                              "start": 292,
                              "end": 296
                            },
                            "line": 21,
                            "column": 43
                          }
                        },
                        "offset": {
                          "start": 292,
                          "end": 296
                        },
                        "line": 21,
                        "column": 43
                      }
                    ]
                  ]
                ]
              ],
              "offset": {
                "start": 250,
                "end": 298
              },
              "line": 21,
              "column": 1
            }
          ]
        },
        "offset": {
          "start": 147,
          "end": 312
        },
        "line": 15,
        "column": 1
      },
      {
        "kind": "function",
        "value": {
          "id": {
            "kind": "identifier",
            "value": "f2",
            "offset": {
              "start": 321,
              "end": 323
            },
            "line": 25,
            "column": 10
          },
          "arguments": [],
          "block": [
            {
              "kind": "command",
              "value": [
                [
                  {
                    "kind": "keyword",
                    "value": "CALL",
                    "offset": {
                      "start": 330,
                      "end": 334
                    },
                    "line": 27,
                    "column": 3
                  },
                  null,
                  {
                    "kind": "identifier",
                    "value": "fgl_winmessage",
                    "offset": {
                      "start": 335,
                      "end": 349
                    },
                    "line": 27,
                    "column": 8
                  },
                  null,
                  [],
                  [
                    null,
                    {
                      "kind": "keyword",
                      "value": "returning",
                      "offset": {
                        "start": 352,
                        "end": 361
                      },
                      "line": 27,
                      "column": 25
                    },
                    null,
                    [
                      {
                        "kind": "variable",
                        "value": {
                          "variable": {
                            "kind": "identifier",
                            "value": "var1",
                            "offset": {
                              "start": 362,
                              "end": 366
                            },
                            "line": 27,
                            "column": 35
                          },
                          "index": [
                            {
                              "kind": "variable",
                              "value": {
                                "variable": {
                                  "kind": "identifier",
                                  "value": "ind1",
                                  "offset": {
                                    "start": 367,
                                    "end": 371
                                  },
                                  "line": 27,
                                  "column": 40
                                }
                              },
                              "offset": {
                                "start": 367,
                                "end": 371
                              },
                              "line": 27,
                              "column": 40
                            }
                          ]
                        },
                        "offset": {
                          "start": 362,
                          "end": 372
                        },
                        "line": 27,
                        "column": 35
                      }
                    ]
                  ]
                ]
              ],
              "offset": {
                "start": 325,
                "end": 374
              },
              "line": 25,
              "column": 14
            }
          ]
        },
        "offset": {
          "start": 312,
          "end": 388
        },
        "line": 25,
        "column": 1
      },
      {
        "kind": "function",
        "value": {
          "id": {
            "kind": "identifier",
            "value": "f3",
            "offset": {
              "start": 397,
              "end": 399
            },
            "line": 31,
            "column": 10
          },
          "arguments": [],
          "block": [
            {
              "kind": "command",
              "value": [
                [
                  {
                    "kind": "keyword",
                    "value": "CALL",
                    "offset": {
                      "start": 406,
                      "end": 410
                    },
                    "line": 33,
                    "column": 3
                  },
                  null,
                  {
                    "kind": "identifier",
                    "value": "fgl_winmessage",
                    "offset": {
                      "start": 411,
                      "end": 425
                    },
                    "line": 33,
                    "column": 8
                  },
                  null,
                  [],
                  [
                    null,
                    {
                      "kind": "keyword",
                      "value": "returning",
                      "offset": {
                        "start": 428,
                        "end": 437
                      },
                      "line": 33,
                      "column": 25
                    },
                    null,
                    [
                      {
                        "kind": "variable",
                        "value": {
                          "variable": "rec1.var1"
                        },
                        "offset": {
                          "start": 438,
                          "end": 447
                        },
                        "line": 33,
                        "column": 35
                      }
                    ]
                  ]
                ]
              ],
              "offset": {
                "start": 401,
                "end": 451
              },
              "line": 31,
              "column": 14
            },
            {
              "kind": "command",
              "value": [
                [
                  {
                    "kind": "keyword",
                    "value": "CALL",
                    "offset": {
                      "start": 451,
                      "end": 455
                    },
                    "line": 35,
                    "column": 3
                  },
                  null,
                  {
                    "kind": "identifier",
                    "value": "fgl_winmessage",
                    "offset": {
                      "start": 456,
                      "end": 470
                    },
                    "line": 35,
                    "column": 8
                  },
                  null,
                  [],
                  [
                    null,
                    {
                      "kind": "keyword",
                      "value": "returning",
                      "offset": {
                        "start": 473,
                        "end": 482
                      },
                      "line": 35,
                      "column": 25
                    },
                    null,
                    [
                      {
                        "kind": "variable",
                        "value": {
                          "variable": "rec1.*"
                        },
                        "offset": {
                          "start": 483,
                          "end": 489
                        },
                        "line": 35,
                        "column": 35
                      }
                    ]
                  ]
                ]
              ],
              "offset": {
                "start": 451,
                "end": 491
              },
              "line": 35,
              "column": 3
            }
          ]
        },
        "offset": {
          "start": 388,
          "end": 505
        },
        "line": 31,
        "column": 1
      }
    ]
  }
]
`;

exports[`define.4gl 1`] = `
MAIN 

	DEFINE VAR1 BIGINT   
	DEFINE VAR1 BYTE   
	DEFINE VAR1 CHAR(100)
	DEFINE VAR1 CHARACTER  
	DEFINE VAR1 DATE   
	DEFINE VAR1 DATETIME  day to day
	DEFINE VAR1 DEC   
	DEFINE VAR1 DECIMAL(10,2)
	DEFINE VAR1 DECIMAL(10)
	DEFINE VAR1 DOUBLE PRECISION  
	DEFINE VAR1 DYNAMIC ARRAY  
	DEFINE VAR1 FLOAT  
	DEFINE VAR1 INT  
	DEFINE VAR1 INTEGER  
	DEFINE VAR1 MONEY  
	DEFINE VAR1 NCHAR(100)  
	DEFINE VAR1 NUMERIC  
	DEFINE VAR1 NVARCHAR(100)  

end MAIN

function f1() 
	--DEFINE VAR1 INTERVAL  
end function

function f2() 
	DEFINE REC1 RECORD
    VAR1 BIGINT
  END RECORD

	DEFINE REC2 RECORD
    VAR1 CHAR(100),
    VAR1 CHARACTER,
    VAR1 DATE,
    VAR1 DATETIME  day to day,
    VAR1 DEC,
    VAR1 DECIMAL(10,2),
    VAR1 DECIMAL(10),
    VAR1 DOUBLE PRECISION,
    VAR1 FLOAT,
    VAR1 INT,
    VAR1 INTEGER,
    VAR1 MONEY,
    VAR1 NCHAR(100),
    VAR1 NUMERIC,
    VAR1 NVARCHAR(100)
  END RECORD  

end function

~~~~~~~~~~~~~~~~~~~~~~~~~~~~~~~~~~~~~~~~~~~~~~~~~~~~~~~~~~~~~~~~~~~~~~~~~~~~~~~~
[
  {
    "kind": "program",
    "value": [
      {
        "kind": "function",
        "value": {
          "id": "main",
          "arguments": [],
          "block": [
            {
              "kind": "command",
              "value": [
                [
                  {
                    "kind": "keyword",
                    "value": "DEFINE",
                    "offset": {
                      "start": 8,
                      "end": 14
                    },
                    "line": 3,
                    "column": 2
                  },
                  null,
                  {
                    "kind": "identifier",
                    "value": "VAR1",
                    "offset": {
                      "start": 15,
                      "end": 19
                    },
                    "line": 3,
                    "column": 9
                  },
                  null,
                  "BIGINT"
                ]
              ],
              "offset": {
                "start": 8,
                "end": 31
              },
              "line": 3,
              "column": 2
            },
            {
              "kind": "command",
              "value": [
                [
                  {
                    "kind": "keyword",
                    "value": "DEFINE",
                    "offset": {
                      "start": 31,
                      "end": 37
                    },
                    "line": 4,
                    "column": 2
                  },
                  null,
                  {
                    "kind": "identifier",
                    "value": "VAR1",
                    "offset": {
                      "start": 38,
                      "end": 42
                    },
                    "line": 4,
                    "column": 9
                  },
                  null,
                  "BYTE"
                ]
              ],
              "offset": {
                "start": 31,
                "end": 52
              },
              "line": 4,
              "column": 2
            },
            {
              "kind": "command",
              "value": [
                [
                  {
                    "kind": "keyword",
                    "value": "DEFINE",
                    "offset": {
                      "start": 52,
                      "end": 58
                    },
                    "line": 5,
                    "column": 2
                  },
                  null,
                  {
                    "kind": "identifier",
                    "value": "VAR1",
                    "offset": {
                      "start": 59,
                      "end": 63
                    },
                    "line": 5,
                    "column": 9
                  },
                  null,
                  "CHAR(100)"
                ]
              ],
              "offset": {
                "start": 52,
                "end": 75
              },
              "line": 5,
              "column": 2
            },
            {
              "kind": "command",
              "value": [
                [
                  {
                    "kind": "keyword",
                    "value": "DEFINE",
                    "offset": {
                      "start": 75,
                      "end": 81
                    },
                    "line": 6,
                    "column": 2
                  },
                  null,
                  {
                    "kind": "identifier",
                    "value": "VAR1",
                    "offset": {
                      "start": 82,
                      "end": 86
                    },
                    "line": 6,
                    "column": 9
                  },
                  null,
                  "CHARACTER"
                ]
              ],
              "offset": {
                "start": 75,
                "end": 100
              },
              "line": 6,
              "column": 2
            },
            {
              "kind": "command",
              "value": [
                [
                  {
                    "kind": "keyword",
                    "value": "DEFINE",
                    "offset": {
                      "start": 100,
                      "end": 106
                    },
                    "line": 7,
                    "column": 2
                  },
                  null,
                  {
                    "kind": "identifier",
                    "value": "VAR1",
                    "offset": {
                      "start": 107,
                      "end": 111
                    },
                    "line": 7,
                    "column": 9
                  },
                  null,
                  "DATE"
                ]
              ],
              "offset": {
                "start": 100,
                "end": 121
              },
              "line": 7,
              "column": 2
            },
            {
              "kind": "command",
              "value": [
                [
                  {
                    "kind": "keyword",
                    "value": "DEFINE",
                    "offset": {
                      "start": 121,
                      "end": 127
                    },
                    "line": 8,
                    "column": 2
                  },
                  null,
                  {
                    "kind": "identifier",
                    "value": "VAR1",
                    "offset": {
                      "start": 128,
                      "end": 132
                    },
                    "line": 8,
                    "column": 9
                  },
                  null,
                  "DATETIME  day to day"
                ]
              ],
              "offset": {
                "start": 121,
                "end": 155
              },
              "line": 8,
              "column": 2
            },
            {
              "kind": "command",
              "value": [
                [
                  {
                    "kind": "keyword",
                    "value": "DEFINE",
                    "offset": {
                      "start": 155,
                      "end": 161
                    },
                    "line": 9,
                    "column": 2
                  },
                  null,
                  {
                    "kind": "identifier",
                    "value": "VAR1",
                    "offset": {
                      "start": 162,
                      "end": 166
                    },
                    "line": 9,
                    "column": 9
                  },
                  null,
                  "DEC"
                ]
              ],
              "offset": {
                "start": 155,
                "end": 175
              },
              "line": 9,
              "column": 2
            },
            {
              "kind": "command",
              "value": [
                [
                  {
                    "kind": "keyword",
                    "value": "DEFINE",
                    "offset": {
                      "start": 175,
                      "end": 181
                    },
                    "line": 10,
                    "column": 2
                  },
                  null,
                  {
                    "kind": "identifier",
                    "value": "VAR1",
                    "offset": {
                      "start": 182,
                      "end": 186
                    },
                    "line": 10,
                    "column": 9
                  },
                  null,
                  "DECIMAL(10,2)"
                ]
              ],
              "offset": {
                "start": 175,
                "end": 202
              },
              "line": 10,
              "column": 2
            },
            {
              "kind": "command",
              "value": [
                [
                  {
                    "kind": "keyword",
                    "value": "DEFINE",
                    "offset": {
                      "start": 202,
                      "end": 208
                    },
                    "line": 11,
                    "column": 2
                  },
                  null,
                  {
                    "kind": "identifier",
                    "value": "VAR1",
                    "offset": {
                      "start": 209,
                      "end": 213
                    },
                    "line": 11,
                    "column": 9
                  },
                  null,
                  "DECIMAL(10)"
                ]
              ],
              "offset": {
                "start": 202,
                "end": 227
              },
              "line": 11,
              "column": 2
            },
            {
              "kind": "command",
              "value": [
                [
                  {
                    "kind": "keyword",
                    "value": "DEFINE",
                    "offset": {
                      "start": 227,
                      "end": 233
                    },
                    "line": 12,
                    "column": 2
                  },
                  null,
                  {
                    "kind": "identifier",
                    "value": "VAR1",
                    "offset": {
                      "start": 234,
                      "end": 238
                    },
                    "line": 12,
                    "column": 9
                  },
                  null,
                  "DOUBLE PRECISION"
                ]
              ],
              "offset": {
                "start": 227,
                "end": 259
              },
              "line": 12,
              "column": 2
            },
            {
              "kind": "command",
              "value": [
                [
                  {
                    "kind": "keyword",
                    "value": "DEFINE",
                    "offset": {
                      "start": 259,
                      "end": 265
                    },
                    "line": 13,
                    "column": 2
                  },
                  null,
                  {
                    "kind": "identifier",
                    "value": "VAR1",
                    "offset": {
                      "start": 266,
                      "end": 270
                    },
                    "line": 13,
                    "column": 9
                  },
                  null,
                  "DYNAMIC ARRAY"
                ]
              ],
              "offset": {
                "start": 259,
                "end": 288
              },
              "line": 13,
              "column": 2
            },
            {
              "kind": "command",
              "value": [
                [
                  {
                    "kind": "keyword",
                    "value": "DEFINE",
                    "offset": {
                      "start": 288,
                      "end": 294
                    },
                    "line": 14,
                    "column": 2
                  },
                  null,
                  {
                    "kind": "identifier",
                    "value": "VAR1",
                    "offset": {
                      "start": 295,
                      "end": 299
                    },
                    "line": 14,
                    "column": 9
                  },
                  null,
                  "FLOAT"
                ]
              ],
              "offset": {
                "start": 288,
                "end": 309
              },
              "line": 14,
              "column": 2
            },
            {
              "kind": "command",
              "value": [
                [
                  {
                    "kind": "keyword",
                    "value": "DEFINE",
                    "offset": {
                      "start": 309,
                      "end": 315
                    },
                    "line": 15,
                    "column": 2
                  },
                  null,
                  {
                    "kind": "identifier",
                    "value": "VAR1",
                    "offset": {
                      "start": 316,
                      "end": 320
                    },
                    "line": 15,
                    "column": 9
                  },
                  null,
                  "INT"
                ]
              ],
              "offset": {
                "start": 309,
                "end": 328
              },
              "line": 15,
              "column": 2
            },
            {
              "kind": "command",
              "value": [
                [
                  {
                    "kind": "keyword",
                    "value": "DEFINE",
                    "offset": {
                      "start": 328,
                      "end": 334
                    },
                    "line": 16,
                    "column": 2
                  },
                  null,
                  {
                    "kind": "identifier",
                    "value": "VAR1",
                    "offset": {
                      "start": 335,
                      "end": 339
                    },
                    "line": 16,
                    "column": 9
                  },
                  null,
                  "INTEGER"
                ]
              ],
              "offset": {
                "start": 328,
                "end": 351
              },
              "line": 16,
              "column": 2
            },
            {
              "kind": "command",
              "value": [
                [
                  {
                    "kind": "keyword",
                    "value": "DEFINE",
                    "offset": {
                      "start": 351,
                      "end": 357
                    },
                    "line": 17,
                    "column": 2
                  },
                  null,
                  {
                    "kind": "identifier",
                    "value": "VAR1",
                    "offset": {
                      "start": 358,
                      "end": 362
                    },
                    "line": 17,
                    "column": 9
                  },
                  null,
                  "MONEY"
                ]
              ],
              "offset": {
                "start": 351,
                "end": 372
              },
              "line": 17,
              "column": 2
            },
            {
              "kind": "command",
              "value": [
                [
                  {
                    "kind": "keyword",
                    "value": "DEFINE",
                    "offset": {
                      "start": 372,
                      "end": 378
                    },
                    "line": 18,
                    "column": 2
                  },
                  null,
                  {
                    "kind": "identifier",
                    "value": "VAR1",
                    "offset": {
                      "start": 379,
                      "end": 383
                    },
                    "line": 18,
                    "column": 9
                  },
                  null,
                  "NCHAR(100)"
                ]
              ],
              "offset": {
                "start": 372,
                "end": 398
              },
              "line": 18,
              "column": 2
            },
            {
              "kind": "command",
              "value": [
                [
                  {
                    "kind": "keyword",
                    "value": "DEFINE",
                    "offset": {
                      "start": 398,
                      "end": 404
                    },
                    "line": 19,
                    "column": 2
                  },
                  null,
                  {
                    "kind": "identifier",
                    "value": "VAR1",
                    "offset": {
                      "start": 405,
                      "end": 409
                    },
                    "line": 19,
                    "column": 9
                  },
                  null,
                  "NUMERIC"
                ]
              ],
              "offset": {
                "start": 398,
                "end": 421
              },
              "line": 19,
              "column": 2
            },
            {
              "kind": "command",
              "value": [
                [
                  {
                    "kind": "keyword",
                    "value": "DEFINE",
                    "offset": {
                      "start": 421,
                      "end": 427
                    },
                    "line": 20,
                    "column": 2
                  },
                  null,
                  {
                    "kind": "identifier",
                    "value": "VAR1",
                    "offset": {
                      "start": 428,
                      "end": 432
                    },
                    "line": 20,
                    "column": 9
                  },
                  null,
                  "NVARCHAR(100)"
                ]
              ],
              "offset": {
                "start": 421,
                "end": 450
              },
              "line": 20,
              "column": 2
            }
          ]
        },
        "offset": {
          "start": 0,
          "end": 460
        },
        "line": 1,
        "column": 1
      },
      {
        "kind": "function",
        "value": {
          "id": {
            "kind": "identifier",
            "value": "f1",
            "offset": {
              "start": 469,
              "end": 471
            },
            "line": 24,
            "column": 10
          },
          "arguments": [],
          "block": [
            null,
            {
              "kind": "comment",
              "value": "--DEFINE VAR1 INTERVAL  \\n",
              "offset": {
                "start": 476,
                "end": 501
              },
              "line": 25,
              "column": 2
            }
          ]
        },
        "offset": {
          "start": 460,
          "end": 515
        },
        "line": 24,
        "column": 1
      },
      {
        "kind": "function",
        "value": {
          "id": {
            "kind": "identifier",
            "value": "f2",
            "offset": {
              "start": 524,
              "end": 526
            },
            "line": 28,
            "column": 10
          },
          "arguments": [],
          "block": [
            {
              "kind": "command",
              "value": [
                [
                  {
                    "kind": "keyword",
                    "value": "DEFINE",
                    "offset": {
                      "start": 531,
                      "end": 537
                    },
                    "line": 29,
                    "column": 2
                  },
                  null,
                  {
                    "kind": "identifier",
                    "value": "REC1",
                    "offset": {
                      "start": 538,
                      "end": 542
                    },
                    "line": 29,
                    "column": 9
                  },
                  null,
                  [
                    {
                      "kind": "keyword",
                      "value": "RECORD",
                      "offset": {
                        "start": 543,
                        "end": 549
                      },
                      "line": 29,
                      "column": 14
                    },
                    [
                      {
                        "kind": "identifier",
                        "value": "VAR1",
                        "offset": {
                          "start": 554,
                          "end": 558
                        },
                        "line": 30,
                        "column": 5
                      }
                    ],
                    {
                      "kind": "keyword",
                      "value": "END",
                      "offset": {
                        "start": 568,
                        "end": 571
                      },
                      "line": 31,
                      "column": 3
                    },
                    null,
                    {
                      "kind": "keyword",
                      "value": "RECORD",
                      "offset": {
                        "start": 572,
                        "end": 578
                      },
                      "line": 31,
                      "column": 7
                    }
                  ]
                ]
              ],
              "offset": {
                "start": 528,
                "end": 581
              },
              "line": 28,
              "column": 14
            },
            {
              "kind": "command",
              "value": [
                [
                  {
                    "kind": "keyword",
                    "value": "DEFINE",
                    "offset": {
                      "start": 581,
                      "end": 587
                    },
                    "line": 33,
                    "column": 2
                  },
                  null,
                  {
                    "kind": "identifier",
                    "value": "REC2",
                    "offset": {
                      "start": 588,
                      "end": 592
                    },
                    "line": 33,
                    "column": 9
                  },
                  null,
                  [
                    {
                      "kind": "keyword",
                      "value": "RECORD",
                      "offset": {
                        "start": 593,
                        "end": 599
                      },
                      "line": 33,
                      "column": 14
                    },
                    [
                      {
                        "kind": "identifier",
                        "value": "VAR1",
                        "offset": {
                          "start": 604,
                          "end": 608
                        },
                        "line": 34,
                        "column": 5
                      },
                      {
                        "kind": "identifier",
                        "value": "VAR1",
                        "offset": {
                          "start": 624,
                          "end": 628
                        },
                        "line": 35,
                        "column": 5
                      },
                      {
                        "kind": "identifier",
                        "value": "VAR1",
                        "offset": {
                          "start": 644,
                          "end": 648
                        },
                        "line": 36,
                        "column": 5
                      },
                      {
                        "kind": "identifier",
                        "value": "VAR1",
                        "offset": {
                          "start": 659,
                          "end": 663
                        },
                        "line": 37,
                        "column": 5
                      },
                      {
                        "kind": "identifier",
                        "value": "VAR1",
                        "offset": {
                          "start": 690,
                          "end": 694
                        },
                        "line": 38,
                        "column": 5
                      },
                      {
                        "kind": "identifier",
                        "value": "VAR1",
                        "offset": {
                          "start": 704,
                          "end": 708
                        },
                        "line": 39,
                        "column": 5
                      },
                      {
                        "kind": "identifier",
                        "value": "VAR1",
                        "offset": {
                          "start": 728,
                          "end": 732
                        },
                        "line": 40,
                        "column": 5
                      },
                      {
                        "kind": "identifier",
                        "value": "VAR1",
                        "offset": {
                          "start": 750,
                          "end": 754
                        },
                        "line": 41,
                        "column": 5
                      },
                      {
                        "kind": "identifier",
                        "value": "VAR1",
                        "offset": {
                          "start": 777,
                          "end": 781
                        },
                        "line": 42,
                        "column": 5
                      },
                      {
                        "kind": "identifier",
                        "value": "VAR1",
                        "offset": {
                          "start": 793,
                          "end": 797
                        },
                        "line": 43,
                        "column": 5
                      },
                      {
                        "kind": "identifier",
                        "value": "VAR1",
                        "offset": {
                          "start": 807,
                          "end": 811
                        },
                        "line": 44,
                        "column": 5
                      },
                      {
                        "kind": "identifier",
                        "value": "VAR1",
                        "offset": {
                          "start": 825,
                          "end": 829
                        },
                        "line": 45,
                        "column": 5
                      },
                      {
                        "kind": "identifier",
                        "value": "VAR1",
                        "offset": {
                          "start": 841,
                          "end": 845
                        },
                        "line": 46,
                        "column": 5
                      },
                      {
                        "kind": "identifier",
                        "value": "VAR1",
                        "offset": {
                          "start": 862,
                          "end": 866
                        },
                        "line": 47,
                        "column": 5
                      },
                      {
                        "kind": "identifier",
                        "value": "VAR1",
                        "offset": {
                          "start": 880,
                          "end": 884
                        },
                        "line": 48,
                        "column": 5
                      }
                    ],
                    {
                      "kind": "keyword",
                      "value": "END",
                      "offset": {
                        "start": 901,
                        "end": 904
                      },
                      "line": 49,
                      "column": 3
                    },
                    null,
                    {
                      "kind": "keyword",
                      "value": "RECORD",
                      "offset": {
                        "start": 905,
                        "end": 911
                      },
                      "line": 49,
                      "column": 7
                    }
                  ]
                ]
              ],
              "offset": {
                "start": 581,
                "end": 915
              },
              "line": 33,
              "column": 2
            }
          ]
        },
        "offset": {
          "start": 515,
          "end": 929
        },
        "line": 28,
        "column": 1
      }
    ]
  }
]
`;

exports[`define2.4gl 1`] = `
main 
	--DEFINE VAR1 record LIKE TAB1.*
end main
~~~~~~~~~~~~~~~~~~~~~~~~~~~~~~~~~~~~~~~~~~~~~~~~~~~~~~~~~~~~~~~~~~~~~~~~~~~~~~~~
[
  {
    "kind": "program",
    "value": [
      {
        "kind": "function",
        "value": {
          "id": "main",
          "arguments": [],
          "block": [
            {
              "kind": "comment",
              "value": "--DEFINE VAR1 record LIKE TAB1.*\\n",
              "offset": {
                "start": 7,
                "end": 40
              },
              "line": 2,
              "column": 2
            }
          ]
        },
        "offset": {
          "start": 0,
          "end": 49
        },
        "line": 1,
        "column": 1
      }
    ]
  }
]
`;

exports[`function.4gl 1`] = `
main
   
end main

function f0()
   
end function

function f1(p1)
   
end function

function f2(p1, p2)
   
end function
~~~~~~~~~~~~~~~~~~~~~~~~~~~~~~~~~~~~~~~~~~~~~~~~~~~~~~~~~~~~~~~~~~~~~~~~~~~~~~~~
[
  {
    "kind": "program",
    "value": [
      {
        "kind": "function",
        "value": {
          "id": "main",
          "arguments": [],
          "block": null
        },
        "offset": {
          "start": 0,
          "end": 19
        },
        "line": 1,
        "column": 1
      },
      {
        "kind": "function",
        "value": {
          "id": {
            "kind": "identifier",
            "value": "f0",
            "offset": {
              "start": 28,
              "end": 30
            },
            "line": 5,
            "column": 10
          },
          "arguments": [],
          "block": [
            null
          ]
        },
        "offset": {
          "start": 19,
          "end": 51
        },
        "line": 5,
        "column": 1
      },
      {
        "kind": "function",
        "value": {
          "id": {
            "kind": "identifier",
            "value": "f1",
            "offset": {
              "start": 60,
              "end": 62
            },
            "line": 9,
            "column": 10
          },
          "arguments": [
            {
              "kind": "identifier",
              "value": "p1",
              "offset": {
                "start": 63,
                "end": 65
              },
              "line": 9,
              "column": 13
            }
          ],
          "block": [
            null
          ]
        },
        "offset": {
          "start": 51,
          "end": 85
        },
        "line": 9,
        "column": 1
      },
      {
        "kind": "function",
        "value": {
          "id": {
            "kind": "identifier",
            "value": "f2",
            "offset": {
              "start": 94,
              "end": 96
            },
            "line": 13,
            "column": 10
          },
          "arguments": [
            null,
            {
              "kind": "identifier",
              "value": "p2",
              "offset": {
                "start": 101,
                "end": 103
              },
              "line": 13,
              "column": 17
            }
          ],
          "block": [
            null
          ]
        },
        "offset": {
          "start": 85,
          "end": 122
        },
        "line": 13,
        "column": 1
      }
    ]
  }
]
`;
